Line no. 1 :  Unknown ) found.
Line no. 2 :  = missing
Line no. 2 :  Unknown : found.
Line no. 3 :  Unknown , found.
